{
  "status": "PASS",
  "viewports": [
    {
      "width": 320,
      "height": 740,
      "document_height": 828,
      "horizontal_overflow": false
    },
    {
      "width": 390,
      "height": 844,
      "document_height": 844,
      "horizontal_overflow": false
    },
    {
      "width": 768,
      "height": 1024,
      "document_height": 1024,
      "horizontal_overflow": false
    },
    {
      "width": 1280,
      "height": 900,
      "document_height": 900,
      "horizontal_overflow": false
    }
  ],
  "sweep_count": 302,
  "errors": [],
  "daily_word": "사랑스럽다",
  "privacy": {
    "typing_network_requests": 0,
    "browser_storage_entries": 0,
    "draft_survives_word_switch": true,
    "draft_cleared_on_reload": true
  },
  "search_same_surface": true,
  "source_failure_visible": true,
  "associated_input_labels": true,
  "touch_targets_min_44": true,
  "browser": "Chromium 148.0.7778.96",
  "real_device_tested": false
}
