
> nameonmymind@0.1.0 stage:research-preview
> node scripts/stage-research-preview.mjs

{
  "status": "PASS",
  "schema_version": "1.0.0",
  "artifact_type": "RESEARCH_PREVIEW_WEB_STAGE",
  "preview_web_publish_authorized": true,
  "product_release_authorized": false,
  "approved_public_card_ids": [
    "C0001",
    "C0002",
    "C0003",
    "C0004",
    "C0005"
  ],
  "preview_card_ids": [
    "C0016",
    "C0018",
    "C0019",
    "C0021",
    "C0022",
    "C0023",
    "C0024",
    "C0025",
    "C0026",
    "C0027",
    "C0028",
    "C0029",
    "C0030",
    "C0031",
    "C0032",
    "C0033"
  ],
  "preview_card_count": 16,
  "preview_path": "prototypes/g5-research-preview-20260918/",
  "alias_path": "preview/",
  "korean_emotion_map": {
    "track_id": "KOREAN_EMOTION_ARTICULATION",
    "family_count": 22,
    "term_count": 151,
    "source_verified_term_count": 151,
    "level1_verified_term_count": 38,
    "level2_verified_term_count": 72,
    "level2_discovery_term_count": 0,
    "level3_verified_term_count": 41,
    "level3_discovery_term_count": 0,
    "school_age_direct_term_count": 21,
    "school_age_related_term_count": 1,
    "contrast_set_count": 16,
    "preview_path": "prototypes/korean-emotion-map-20260919/",
    "daily_learning_path": "prototypes/korean-daily-learning-20260923/",
    "daily_learning_alias_path": "learn/",
    "data_path": "content/korean-expression/emotion-map-v1.json",
    "simple_meanings_path": "content/korean-expression/simple-meanings-v1.json",
    "learning_vocabulary_path": "content/korean-expression/learning-vocabulary-v1.json",
    "learning_schedule_path": "content/korean-expression/learning-daily-v3.json",
    "learning_term_count": 177,
    "daily_pool_path": "content/korean-expression/daily-pool-v1.json",
    "daily_pool_v1_path": "content/korean-expression/daily-pool-v1.json",
    "daily_pool_v2_path": "content/korean-expression/daily-pool-v2.json",
    "daily_pool_registry_path": "content/korean-expression/daily-pools.json",
    "school_age_evidence_path": "content/korean-expression/evidence/school-age-v1.json",
    "level1_evidence_path": "content/korean-expression/evidence/level1-source-v1.json",
    "level2_evidence_path": "content/korean-expression/evidence/level2-exact-source-v1.json",
    "level2_followup_v2_evidence_path": "content/korean-expression/evidence/level2-followup-source-v2.json",
    "level3_evidence_path": "content/korean-expression/evidence/level3-exact-source-v1.json",
    "level3_followup_evidence_path": "content/korean-expression/evidence/level3-followup-source-v2.json",
    "level3_followup_v3_evidence_path": "content/korean-expression/evidence/level3-followup-source-v3.json",
    "level3_followup_v4_evidence_path": "content/korean-expression/evidence/level3-followup-source-v4.json",
    "phrase_evidence_path": "content/korean-expression/evidence/phrase-source-v1.json",
    "phrase_v2_evidence_path": "content/korean-expression/evidence/phrase-source-v2.json",
    "standard_dictionary_followup_evidence_path": "content/korean-expression/evidence/standard-dictionary-followup-v1.json",
    "alias_path": "korean/",
    "product_release_authorized": false
  }
}
